
> nextjs-frontend@0.0.6 test
> jest

 ⚠ Warning: Next.js inferred your workspace root, but it may not be correct.
 We detected multiple lockfiles and selected the directory of /home/fabian/dev/work/snapandsay/pnpm-lock.yaml as the root directory.
 To silence this warning, set `outputFileTracingRoot` in your Next.js config, or consider removing one of the lockfiles if it's not needed.
   See https://nextjs.org/docs/app/api-reference/config/next-config-js/output#caveats for more information.
 Detected additional lockfiles: 
   * /home/fabian/dev/work/snapandsay/frontend/pnpm-lock.yaml

PASS __tests__/useAudio.test.ts
  ● Console

    console.error
      Error starting recording: DOMException {}

      69 |       setIsRecording(true);
      70 |     } catch (err: any) {
    > 71 |       console.error("Error starting recording:", err);
         |               ^
      72 |       setError(err);
      73 |       if (err.name === "NotAllowedError" || err.name === "PermissionDeniedError") {
      74 |         setIsPermissionDenied(true);

      at Object.error [as startRecording] (hooks/use-audio.ts:71:15)
      at __tests__/useAudio.test.ts:68:7

PASS __tests__/components/FoodEntryCardSkeleton.test.tsx
FAIL __tests__/SnapPageUpload.test.tsx
  ● SnapPage Upload Flow › completes the full flow: capture -> confirm -> record -> upload

    No QueryClient set, use QueryClientProvider to set one

      15 | export default function SnapPage() {
      16 |   const router = useRouter();
    > 17 |   const queryClient = useQueryClient();
         |                                     ^
      18 |   const [step, setStep] = useState<'capture' | 'preview' | 'record' | 'streaming' | 'clarifying'>('capture');
      19 |   const [logId, setLogId] = useState<string | null>(null);
      20 |   const [capturedImage, setCapturedImage] = useState<string | null>(null);

      at useQueryClient (../node_modules/.pnpm/@tanstack+react-query@5.90.12_react@19.1.1/node_modules/@tanstack/react-query/src/QueryClientProvider.tsx:18:11)
      at SnapPage (/home/fabian/dev/work/snapandsay/frontend/app/(dashboard)../../../../../../snap/page.tsx:17:37)
      at Object.react_stack_bottom_frame (../node_modules/.pnpm/react-dom@19.1.1_react@19.1.1/node_modules/react-dom/cjs/react-dom-client.development.js:23863:20)
      at renderWithHooks (../node_modules/.pnpm/react-dom@19.1.1_react@19.1.1/node_modules/react-dom/cjs/react-dom-client.development.js:5529:22)
      at updateFunctionComponent (../node_modules/.pnpm/react-dom@19.1.1_react@19.1.1/node_modules/react-dom/cjs/react-dom-client.development.js:8897:19)
      at beginWork (../node_modules/.pnpm/react-dom@19.1.1_react@19.1.1/node_modules/react-dom/cjs/react-dom-client.development.js:10522:18)
      at runWithFiberInDEV (../node_modules/.pnpm/react-dom@19.1.1_react@19.1.1/node_modules/react-dom/cjs/react-dom-client.development.js:1522:13)
      at performUnitOfWork (../node_modules/.pnpm/react-dom@19.1.1_react@19.1.1/node_modules/react-dom/cjs/react-dom-client.development.js:15140:22)
      at workLoopSync (../node_modules/.pnpm/react-dom@19.1.1_react@19.1.1/node_modules/react-dom/cjs/react-dom-client.development.js:14956:41)
      at renderRootSync (../node_modules/.pnpm/react-dom@19.1.1_react@19.1.1/node_modules/react-dom/cjs/react-dom-client.development.js:14936:11)
      at performWorkOnRoot (../node_modules/.pnpm/react-dom@19.1.1_react@19.1.1/node_modules/react-dom/cjs/react-dom-client.development.js:14462:44)
      at performWorkOnRootViaSchedulerTask (../node_modules/.pnpm/react-dom@19.1.1_react@19.1.1/node_modules/react-dom/cjs/react-dom-client.development.js:16216:7)
      at flushActQueue (../node_modules/.pnpm/react@19.1.1/node_modules/react/cjs/react.development.js:566:34)
      at Object.<anonymous>.process.env.NODE_ENV.exports.act (../node_modules/.pnpm/react@19.1.1/node_modules/react/cjs/react.development.js:860:10)
      at ../node_modules/.pnpm/@testing-library+react@16.3.0_@testing-library+dom@10.4.1_@types+react-dom@19.1.7_@type_f775aca803668a3053f946ffbe004ef7/node_modules/@testing-library/react/dist/act-compat.js:47:25
      at renderRoot (../node_modules/.pnpm/@testing-library+react@16.3.0_@testing-library+dom@10.4.1_@types+react-dom@19.1.7_@type_f775aca803668a3053f946ffbe004ef7/node_modules/@testing-library/react/dist/pure.js:190:26)
      at render (../node_modules/.pnpm/@testing-library+react@16.3.0_@testing-library+dom@10.4.1_@types+react-dom@19.1.7_@type_f775aca803668a3053f946ffbe004ef7/node_modules/@testing-library/react/dist/pure.js:292:10)
      at Object.<anonymous> (__tests__/SnapPageUpload.test.tsx:64:11)

  ● SnapPage Upload Flow › handles upload errors gracefully

    No QueryClient set, use QueryClientProvider to set one

      15 | export default function SnapPage() {
      16 |   const router = useRouter();
    > 17 |   const queryClient = useQueryClient();
         |                                     ^
      18 |   const [step, setStep] = useState<'capture' | 'preview' | 'record' | 'streaming' | 'clarifying'>('capture');
      19 |   const [logId, setLogId] = useState<string | null>(null);
      20 |   const [capturedImage, setCapturedImage] = useState<string | null>(null);

      at useQueryClient (../node_modules/.pnpm/@tanstack+react-query@5.90.12_react@19.1.1/node_modules/@tanstack/react-query/src/QueryClientProvider.tsx:18:11)
      at SnapPage (/home/fabian/dev/work/snapandsay/frontend/app/(dashboard)../../../../../../snap/page.tsx:17:37)
      at Object.react_stack_bottom_frame (../node_modules/.pnpm/react-dom@19.1.1_react@19.1.1/node_modules/react-dom/cjs/react-dom-client.development.js:23863:20)
      at renderWithHooks (../node_modules/.pnpm/react-dom@19.1.1_react@19.1.1/node_modules/react-dom/cjs/react-dom-client.development.js:5529:22)
      at updateFunctionComponent (../node_modules/.pnpm/react-dom@19.1.1_react@19.1.1/node_modules/react-dom/cjs/react-dom-client.development.js:8897:19)
      at beginWork (../node_modules/.pnpm/react-dom@19.1.1_react@19.1.1/node_modules/react-dom/cjs/react-dom-client.development.js:10522:18)
      at runWithFiberInDEV (../node_modules/.pnpm/react-dom@19.1.1_react@19.1.1/node_modules/react-dom/cjs/react-dom-client.development.js:1522:13)
      at performUnitOfWork (../node_modules/.pnpm/react-dom@19.1.1_react@19.1.1/node_modules/react-dom/cjs/react-dom-client.development.js:15140:22)
      at workLoopSync (../node_modules/.pnpm/react-dom@19.1.1_react@19.1.1/node_modules/react-dom/cjs/react-dom-client.development.js:14956:41)
      at renderRootSync (../node_modules/.pnpm/react-dom@19.1.1_react@19.1.1/node_modules/react-dom/cjs/react-dom-client.development.js:14936:11)
      at performWorkOnRoot (../node_modules/.pnpm/react-dom@19.1.1_react@19.1.1/node_modules/react-dom/cjs/react-dom-client.development.js:14462:44)
      at performWorkOnRootViaSchedulerTask (../node_modules/.pnpm/react-dom@19.1.1_react@19.1.1/node_modules/react-dom/cjs/react-dom-client.development.js:16216:7)
      at flushActQueue (../node_modules/.pnpm/react@19.1.1/node_modules/react/cjs/react.development.js:566:34)
      at Object.<anonymous>.process.env.NODE_ENV.exports.act (../node_modules/.pnpm/react@19.1.1/node_modules/react/cjs/react.development.js:860:10)
      at ../node_modules/.pnpm/@testing-library+react@16.3.0_@testing-library+dom@10.4.1_@types+react-dom@19.1.7_@type_f775aca803668a3053f946ffbe004ef7/node_modules/@testing-library/react/dist/act-compat.js:47:25
      at renderRoot (../node_modules/.pnpm/@testing-library+react@16.3.0_@testing-library+dom@10.4.1_@types+react-dom@19.1.7_@type_f775aca803668a3053f946ffbe004ef7/node_modules/@testing-library/react/dist/pure.js:190:26)
      at render (../node_modules/.pnpm/@testing-library+react@16.3.0_@testing-library+dom@10.4.1_@types+react-dom@19.1.7_@type_f775aca803668a3053f946ffbe004ef7/node_modules/@testing-library/react/dist/pure.js:292:10)
      at Object.<anonymous> (__tests__/SnapPageUpload.test.tsx:105:11)

FAIL __tests__/hooks/use-agent.test.ts
  ● useAgent › should start with idle status

    ReferenceError: Cannot access 'startStreamingInternal' before initialization

      260 |       }
      261 |     },
    > 262 |     [clarification, triggerCompletionFeedback, startStreamingInternal]
          |                                                ^
      263 |   );
      264 |
      265 |   const startStreamingInternal = useCallback(

      at startStreamingInternal (hooks/use-agent.ts:262:48)
      at __tests__/hooks/use-agent.test.ts:27:49
      at TestComponent (../node_modules/.pnpm/@testing-library+react@16.3.0_@testing-library+dom@10.4.1_@types+react-dom@19.1.7_@type_f775aca803668a3053f946ffbe004ef7/node_modules/@testing-library/react/dist/pure.js:331:27)
      at Object.react_stack_bottom_frame (../node_modules/.pnpm/react-dom@19.1.1_react@19.1.1/node_modules/react-dom/cjs/react-dom-client.development.js:23863:20)
      at renderWithHooks (../node_modules/.pnpm/react-dom@19.1.1_react@19.1.1/node_modules/react-dom/cjs/react-dom-client.development.js:5529:22)
      at updateFunctionComponent (../node_modules/.pnpm/react-dom@19.1.1_react@19.1.1/node_modules/react-dom/cjs/react-dom-client.development.js:8897:19)
      at beginWork (../node_modules/.pnpm/react-dom@19.1.1_react@19.1.1/node_modules/react-dom/cjs/react-dom-client.development.js:10522:18)
      at runWithFiberInDEV (../node_modules/.pnpm/react-dom@19.1.1_react@19.1.1/node_modules/react-dom/cjs/react-dom-client.development.js:1522:13)
      at performUnitOfWork (../node_modules/.pnpm/react-dom@19.1.1_react@19.1.1/node_modules/react-dom/cjs/react-dom-client.development.js:15140:22)
      at workLoopSync (../node_modules/.pnpm/react-dom@19.1.1_react@19.1.1/node_modules/react-dom/cjs/react-dom-client.development.js:14956:41)
      at renderRootSync (../node_modules/.pnpm/react-dom@19.1.1_react@19.1.1/node_modules/react-dom/cjs/react-dom-client.development.js:14936:11)
      at performWorkOnRoot (../node_modules/.pnpm/react-dom@19.1.1_react@19.1.1/node_modules/react-dom/cjs/react-dom-client.development.js:14462:44)
      at performWorkOnRootViaSchedulerTask (../node_modules/.pnpm/react-dom@19.1.1_react@19.1.1/node_modules/react-dom/cjs/react-dom-client.development.js:16216:7)
      at flushActQueue (../node_modules/.pnpm/react@19.1.1/node_modules/react/cjs/react.development.js:566:34)
      at Object.<anonymous>.process.env.NODE_ENV.exports.act (../node_modules/.pnpm/react@19.1.1/node_modules/react/cjs/react.development.js:860:10)
      at ../node_modules/.pnpm/@testing-library+react@16.3.0_@testing-library+dom@10.4.1_@types+react-dom@19.1.7_@type_f775aca803668a3053f946ffbe004ef7/node_modules/@testing-library/react/dist/act-compat.js:47:25
      at renderRoot (../node_modules/.pnpm/@testing-library+react@16.3.0_@testing-library+dom@10.4.1_@types+react-dom@19.1.7_@type_f775aca803668a3053f946ffbe004ef7/node_modules/@testing-library/react/dist/pure.js:190:26)
      at render (../node_modules/.pnpm/@testing-library+react@16.3.0_@testing-library+dom@10.4.1_@types+react-dom@19.1.7_@type_f775aca803668a3053f946ffbe004ef7/node_modules/@testing-library/react/dist/pure.js:292:10)
      at renderHook (../node_modules/.pnpm/@testing-library+react@16.3.0_@testing-library+dom@10.4.1_@types+react-dom@19.1.7_@type_f775aca803668a3053f946ffbe004ef7/node_modules/@testing-library/react/dist/pure.js:340:7)
      at Object.<anonymous> (__tests__/hooks/use-agent.test.ts:27:34)

  ● useAgent › should transition to connecting when startStreaming is called

    ReferenceError: Cannot access 'startStreamingInternal' before initialization

      260 |       }
      261 |     },
    > 262 |     [clarification, triggerCompletionFeedback, startStreamingInternal]
          |                                                ^
      263 |   );
      264 |
      265 |   const startStreamingInternal = useCallback(

      at startStreamingInternal (hooks/use-agent.ts:262:48)
      at __tests__/hooks/use-agent.test.ts:44:49
      at TestComponent (../node_modules/.pnpm/@testing-library+react@16.3.0_@testing-library+dom@10.4.1_@types+react-dom@19.1.7_@type_f775aca803668a3053f946ffbe004ef7/node_modules/@testing-library/react/dist/pure.js:331:27)
      at Object.react_stack_bottom_frame (../node_modules/.pnpm/react-dom@19.1.1_react@19.1.1/node_modules/react-dom/cjs/react-dom-client.development.js:23863:20)
      at renderWithHooks (../node_modules/.pnpm/react-dom@19.1.1_react@19.1.1/node_modules/react-dom/cjs/react-dom-client.development.js:5529:22)
      at updateFunctionComponent (../node_modules/.pnpm/react-dom@19.1.1_react@19.1.1/node_modules/react-dom/cjs/react-dom-client.development.js:8897:19)
      at beginWork (../node_modules/.pnpm/react-dom@19.1.1_react@19.1.1/node_modules/react-dom/cjs/react-dom-client.development.js:10522:18)
      at runWithFiberInDEV (../node_modules/.pnpm/react-dom@19.1.1_react@19.1.1/node_modules/react-dom/cjs/react-dom-client.development.js:1522:13)
      at performUnitOfWork (../node_modules/.pnpm/react-dom@19.1.1_react@19.1.1/node_modules/react-dom/cjs/react-dom-client.development.js:15140:22)
      at workLoopSync (../node_modules/.pnpm/react-dom@19.1.1_react@19.1.1/node_modules/react-dom/cjs/react-dom-client.development.js:14956:41)
      at renderRootSync (../node_modules/.pnpm/react-dom@19.1.1_react@19.1.1/node_modules/react-dom/cjs/react-dom-client.development.js:14936:11)
      at performWorkOnRoot (../node_modules/.pnpm/react-dom@19.1.1_react@19.1.1/node_modules/react-dom/cjs/react-dom-client.development.js:14462:44)
      at performWorkOnRootViaSchedulerTask (../node_modules/.pnpm/react-dom@19.1.1_react@19.1.1/node_modules/react-dom/cjs/react-dom-client.development.js:16216:7)
      at flushActQueue (../node_modules/.pnpm/react@19.1.1/node_modules/react/cjs/react.development.js:566:34)
      at Object.<anonymous>.process.env.NODE_ENV.exports.act (../node_modules/.pnpm/react@19.1.1/node_modules/react/cjs/react.development.js:860:10)
      at ../node_modules/.pnpm/@testing-library+react@16.3.0_@testing-library+dom@10.4.1_@types+react-dom@19.1.7_@type_f775aca803668a3053f946ffbe004ef7/node_modules/@testing-library/react/dist/act-compat.js:47:25
      at renderRoot (../node_modules/.pnpm/@testing-library+react@16.3.0_@testing-library+dom@10.4.1_@types+react-dom@19.1.7_@type_f775aca803668a3053f946ffbe004ef7/node_modules/@testing-library/react/dist/pure.js:190:26)
      at render (../node_modules/.pnpm/@testing-library+react@16.3.0_@testing-library+dom@10.4.1_@types+react-dom@19.1.7_@type_f775aca803668a3053f946ffbe004ef7/node_modules/@testing-library/react/dist/pure.js:292:10)
      at renderHook (../node_modules/.pnpm/@testing-library+react@16.3.0_@testing-library+dom@10.4.1_@types+react-dom@19.1.7_@type_f775aca803668a3053f946ffbe004ef7/node_modules/@testing-library/react/dist/pure.js:340:7)
      at Object.<anonymous> (__tests__/hooks/use-agent.test.ts:44:34)

  ● useAgent › should reset state correctly

    ReferenceError: Cannot access 'startStreamingInternal' before initialization

      260 |       }
      261 |     },
    > 262 |     [clarification, triggerCompletionFeedback, startStreamingInternal]
          |                                                ^
      263 |   );
      264 |
      265 |   const startStreamingInternal = useCallback(

      at startStreamingInternal (hooks/use-agent.ts:262:48)
      at __tests__/hooks/use-agent.test.ts:56:49
      at TestComponent (../node_modules/.pnpm/@testing-library+react@16.3.0_@testing-library+dom@10.4.1_@types+react-dom@19.1.7_@type_f775aca803668a3053f946ffbe004ef7/node_modules/@testing-library/react/dist/pure.js:331:27)
      at Object.react_stack_bottom_frame (../node_modules/.pnpm/react-dom@19.1.1_react@19.1.1/node_modules/react-dom/cjs/react-dom-client.development.js:23863:20)
      at renderWithHooks (../node_modules/.pnpm/react-dom@19.1.1_react@19.1.1/node_modules/react-dom/cjs/react-dom-client.development.js:5529:22)
      at updateFunctionComponent (../node_modules/.pnpm/react-dom@19.1.1_react@19.1.1/node_modules/react-dom/cjs/react-dom-client.development.js:8897:19)
      at beginWork (../node_modules/.pnpm/react-dom@19.1.1_react@19.1.1/node_modules/react-dom/cjs/react-dom-client.development.js:10522:18)
      at runWithFiberInDEV (../node_modules/.pnpm/react-dom@19.1.1_react@19.1.1/node_modules/react-dom/cjs/react-dom-client.development.js:1522:13)
      at performUnitOfWork (../node_modules/.pnpm/react-dom@19.1.1_react@19.1.1/node_modules/react-dom/cjs/react-dom-client.development.js:15140:22)
      at workLoopSync (../node_modules/.pnpm/react-dom@19.1.1_react@19.1.1/node_modules/react-dom/cjs/react-dom-client.development.js:14956:41)
      at renderRootSync (../node_modules/.pnpm/react-dom@19.1.1_react@19.1.1/node_modules/react-dom/cjs/react-dom-client.development.js:14936:11)
      at performWorkOnRoot (../node_modules/.pnpm/react-dom@19.1.1_react@19.1.1/node_modules/react-dom/cjs/react-dom-client.development.js:14462:44)
      at performWorkOnRootViaSchedulerTask (../node_modules/.pnpm/react-dom@19.1.1_react@19.1.1/node_modules/react-dom/cjs/react-dom-client.development.js:16216:7)
      at flushActQueue (../node_modules/.pnpm/react@19.1.1/node_modules/react/cjs/react.development.js:566:34)
      at Object.<anonymous>.process.env.NODE_ENV.exports.act (../node_modules/.pnpm/react@19.1.1/node_modules/react/cjs/react.development.js:860:10)
      at ../node_modules/.pnpm/@testing-library+react@16.3.0_@testing-library+dom@10.4.1_@types+react-dom@19.1.7_@type_f775aca803668a3053f946ffbe004ef7/node_modules/@testing-library/react/dist/act-compat.js:47:25
      at renderRoot (../node_modules/.pnpm/@testing-library+react@16.3.0_@testing-library+dom@10.4.1_@types+react-dom@19.1.7_@type_f775aca803668a3053f946ffbe004ef7/node_modules/@testing-library/react/dist/pure.js:190:26)
      at render (../node_modules/.pnpm/@testing-library+react@16.3.0_@testing-library+dom@10.4.1_@types+react-dom@19.1.7_@type_f775aca803668a3053f946ffbe004ef7/node_modules/@testing-library/react/dist/pure.js:292:10)
      at renderHook (../node_modules/.pnpm/@testing-library+react@16.3.0_@testing-library+dom@10.4.1_@types+react-dom@19.1.7_@type_f775aca803668a3053f946ffbe004ef7/node_modules/@testing-library/react/dist/pure.js:340:7)
      at Object.<anonymous> (__tests__/hooks/use-agent.test.ts:56:34)

  ● useAgent › should set error when fetch fails

    ReferenceError: Cannot access 'startStreamingInternal' before initialization

      260 |       }
      261 |     },
    > 262 |     [clarification, triggerCompletionFeedback, startStreamingInternal]
          |                                                ^
      263 |   );
      264 |
      265 |   const startStreamingInternal = useCallback(

      at startStreamingInternal (hooks/use-agent.ts:262:48)
      at __tests__/hooks/use-agent.test.ts:71:49
      at TestComponent (../node_modules/.pnpm/@testing-library+react@16.3.0_@testing-library+dom@10.4.1_@types+react-dom@19.1.7_@type_f775aca803668a3053f946ffbe004ef7/node_modules/@testing-library/react/dist/pure.js:331:27)
      at Object.react_stack_bottom_frame (../node_modules/.pnpm/react-dom@19.1.1_react@19.1.1/node_modules/react-dom/cjs/react-dom-client.development.js:23863:20)
      at renderWithHooks (../node_modules/.pnpm/react-dom@19.1.1_react@19.1.1/node_modules/react-dom/cjs/react-dom-client.development.js:5529:22)
      at updateFunctionComponent (../node_modules/.pnpm/react-dom@19.1.1_react@19.1.1/node_modules/react-dom/cjs/react-dom-client.development.js:8897:19)
      at beginWork (../node_modules/.pnpm/react-dom@19.1.1_react@19.1.1/node_modules/react-dom/cjs/react-dom-client.development.js:10522:18)
      at runWithFiberInDEV (../node_modules/.pnpm/react-dom@19.1.1_react@19.1.1/node_modules/react-dom/cjs/react-dom-client.development.js:1522:13)
      at performUnitOfWork (../node_modules/.pnpm/react-dom@19.1.1_react@19.1.1/node_modules/react-dom/cjs/react-dom-client.development.js:15140:22)
      at workLoopSync (../node_modules/.pnpm/react-dom@19.1.1_react@19.1.1/node_modules/react-dom/cjs/react-dom-client.development.js:14956:41)
      at renderRootSync (../node_modules/.pnpm/react-dom@19.1.1_react@19.1.1/node_modules/react-dom/cjs/react-dom-client.development.js:14936:11)
      at performWorkOnRoot (../node_modules/.pnpm/react-dom@19.1.1_react@19.1.1/node_modules/react-dom/cjs/react-dom-client.development.js:14462:44)
      at performWorkOnRootViaSchedulerTask (../node_modules/.pnpm/react-dom@19.1.1_react@19.1.1/node_modules/react-dom/cjs/react-dom-client.development.js:16216:7)
      at flushActQueue (../node_modules/.pnpm/react@19.1.1/node_modules/react/cjs/react.development.js:566:34)
      at Object.<anonymous>.process.env.NODE_ENV.exports.act (../node_modules/.pnpm/react@19.1.1/node_modules/react/cjs/react.development.js:860:10)
      at ../node_modules/.pnpm/@testing-library+react@16.3.0_@testing-library+dom@10.4.1_@types+react-dom@19.1.7_@type_f775aca803668a3053f946ffbe004ef7/node_modules/@testing-library/react/dist/act-compat.js:47:25
      at renderRoot (../node_modules/.pnpm/@testing-library+react@16.3.0_@testing-library+dom@10.4.1_@types+react-dom@19.1.7_@type_f775aca803668a3053f946ffbe004ef7/node_modules/@testing-library/react/dist/pure.js:190:26)
      at render (../node_modules/.pnpm/@testing-library+react@16.3.0_@testing-library+dom@10.4.1_@types+react-dom@19.1.7_@type_f775aca803668a3053f946ffbe004ef7/node_modules/@testing-library/react/dist/pure.js:292:10)
      at renderHook (../node_modules/.pnpm/@testing-library+react@16.3.0_@testing-library+dom@10.4.1_@types+react-dom@19.1.7_@type_f775aca803668a3053f946ffbe004ef7/node_modules/@testing-library/react/dist/pure.js:340:7)
      at Object.<anonymous> (__tests__/hooks/use-agent.test.ts:71:34)

  ● useAgent › should expose startStreaming function

    ReferenceError: Cannot access 'startStreamingInternal' before initialization

      260 |       }
      261 |     },
    > 262 |     [clarification, triggerCompletionFeedback, startStreamingInternal]
          |                                                ^
      263 |   );
      264 |
      265 |   const startStreamingInternal = useCallback(

      at startStreamingInternal (hooks/use-agent.ts:262:48)
      at __tests__/hooks/use-agent.test.ts:85:49
      at TestComponent (../node_modules/.pnpm/@testing-library+react@16.3.0_@testing-library+dom@10.4.1_@types+react-dom@19.1.7_@type_f775aca803668a3053f946ffbe004ef7/node_modules/@testing-library/react/dist/pure.js:331:27)
      at Object.react_stack_bottom_frame (../node_modules/.pnpm/react-dom@19.1.1_react@19.1.1/node_modules/react-dom/cjs/react-dom-client.development.js:23863:20)
      at renderWithHooks (../node_modules/.pnpm/react-dom@19.1.1_react@19.1.1/node_modules/react-dom/cjs/react-dom-client.development.js:5529:22)
      at updateFunctionComponent (../node_modules/.pnpm/react-dom@19.1.1_react@19.1.1/node_modules/react-dom/cjs/react-dom-client.development.js:8897:19)
      at beginWork (../node_modules/.pnpm/react-dom@19.1.1_react@19.1.1/node_modules/react-dom/cjs/react-dom-client.development.js:10522:18)
      at runWithFiberInDEV (../node_modules/.pnpm/react-dom@19.1.1_react@19.1.1/node_modules/react-dom/cjs/react-dom-client.development.js:1522:13)
      at performUnitOfWork (../node_modules/.pnpm/react-dom@19.1.1_react@19.1.1/node_modules/react-dom/cjs/react-dom-client.development.js:15140:22)
      at workLoopSync (../node_modules/.pnpm/react-dom@19.1.1_react@19.1.1/node_modules/react-dom/cjs/react-dom-client.development.js:14956:41)
      at renderRootSync (../node_modules/.pnpm/react-dom@19.1.1_react@19.1.1/node_modules/react-dom/cjs/react-dom-client.development.js:14936:11)
      at performWorkOnRoot (../node_modules/.pnpm/react-dom@19.1.1_react@19.1.1/node_modules/react-dom/cjs/react-dom-client.development.js:14462:44)
      at performWorkOnRootViaSchedulerTask (../node_modules/.pnpm/react-dom@19.1.1_react@19.1.1/node_modules/react-dom/cjs/react-dom-client.development.js:16216:7)
      at flushActQueue (../node_modules/.pnpm/react@19.1.1/node_modules/react/cjs/react.development.js:566:34)
      at Object.<anonymous>.process.env.NODE_ENV.exports.act (../node_modules/.pnpm/react@19.1.1/node_modules/react/cjs/react.development.js:860:10)
      at ../node_modules/.pnpm/@testing-library+react@16.3.0_@testing-library+dom@10.4.1_@types+react-dom@19.1.7_@type_f775aca803668a3053f946ffbe004ef7/node_modules/@testing-library/react/dist/act-compat.js:47:25
      at renderRoot (../node_modules/.pnpm/@testing-library+react@16.3.0_@testing-library+dom@10.4.1_@types+react-dom@19.1.7_@type_f775aca803668a3053f946ffbe004ef7/node_modules/@testing-library/react/dist/pure.js:190:26)
      at render (../node_modules/.pnpm/@testing-library+react@16.3.0_@testing-library+dom@10.4.1_@types+react-dom@19.1.7_@type_f775aca803668a3053f946ffbe004ef7/node_modules/@testing-library/react/dist/pure.js:292:10)
      at renderHook (../node_modules/.pnpm/@testing-library+react@16.3.0_@testing-library+dom@10.4.1_@types+react-dom@19.1.7_@type_f775aca803668a3053f946ffbe004ef7/node_modules/@testing-library/react/dist/pure.js:340:7)
      at Object.<anonymous> (__tests__/hooks/use-agent.test.ts:85:34)

  ● useAgent › should expose reset function

    ReferenceError: Cannot access 'startStreamingInternal' before initialization

      260 |       }
      261 |     },
    > 262 |     [clarification, triggerCompletionFeedback, startStreamingInternal]
          |                                                ^
      263 |   );
      264 |
      265 |   const startStreamingInternal = useCallback(

      at startStreamingInternal (hooks/use-agent.ts:262:48)
      at __tests__/hooks/use-agent.test.ts:91:49
      at TestComponent (../node_modules/.pnpm/@testing-library+react@16.3.0_@testing-library+dom@10.4.1_@types+react-dom@19.1.7_@type_f775aca803668a3053f946ffbe004ef7/node_modules/@testing-library/react/dist/pure.js:331:27)
      at Object.react_stack_bottom_frame (../node_modules/.pnpm/react-dom@19.1.1_react@19.1.1/node_modules/react-dom/cjs/react-dom-client.development.js:23863:20)
      at renderWithHooks (../node_modules/.pnpm/react-dom@19.1.1_react@19.1.1/node_modules/react-dom/cjs/react-dom-client.development.js:5529:22)
      at updateFunctionComponent (../node_modules/.pnpm/react-dom@19.1.1_react@19.1.1/node_modules/react-dom/cjs/react-dom-client.development.js:8897:19)
      at beginWork (../node_modules/.pnpm/react-dom@19.1.1_react@19.1.1/node_modules/react-dom/cjs/react-dom-client.development.js:10522:18)
      at runWithFiberInDEV (../node_modules/.pnpm/react-dom@19.1.1_react@19.1.1/node_modules/react-dom/cjs/react-dom-client.development.js:1522:13)
      at performUnitOfWork (../node_modules/.pnpm/react-dom@19.1.1_react@19.1.1/node_modules/react-dom/cjs/react-dom-client.development.js:15140:22)
      at workLoopSync (../node_modules/.pnpm/react-dom@19.1.1_react@19.1.1/node_modules/react-dom/cjs/react-dom-client.development.js:14956:41)
      at renderRootSync (../node_modules/.pnpm/react-dom@19.1.1_react@19.1.1/node_modules/react-dom/cjs/react-dom-client.development.js:14936:11)
      at performWorkOnRoot (../node_modules/.pnpm/react-dom@19.1.1_react@19.1.1/node_modules/react-dom/cjs/react-dom-client.development.js:14462:44)
      at performWorkOnRootViaSchedulerTask (../node_modules/.pnpm/react-dom@19.1.1_react@19.1.1/node_modules/react-dom/cjs/react-dom-client.development.js:16216:7)
      at flushActQueue (../node_modules/.pnpm/react@19.1.1/node_modules/react/cjs/react.development.js:566:34)
      at Object.<anonymous>.process.env.NODE_ENV.exports.act (../node_modules/.pnpm/react@19.1.1/node_modules/react/cjs/react.development.js:860:10)
      at ../node_modules/.pnpm/@testing-library+react@16.3.0_@testing-library+dom@10.4.1_@types+react-dom@19.1.7_@type_f775aca803668a3053f946ffbe004ef7/node_modules/@testing-library/react/dist/act-compat.js:47:25
      at renderRoot (../node_modules/.pnpm/@testing-library+react@16.3.0_@testing-library+dom@10.4.1_@types+react-dom@19.1.7_@type_f775aca803668a3053f946ffbe004ef7/node_modules/@testing-library/react/dist/pure.js:190:26)
      at render (../node_modules/.pnpm/@testing-library+react@16.3.0_@testing-library+dom@10.4.1_@types+react-dom@19.1.7_@type_f775aca803668a3053f946ffbe004ef7/node_modules/@testing-library/react/dist/pure.js:292:10)
      at renderHook (../node_modules/.pnpm/@testing-library+react@16.3.0_@testing-library+dom@10.4.1_@types+react-dom@19.1.7_@type_f775aca803668a3053f946ffbe004ef7/node_modules/@testing-library/react/dist/pure.js:340:7)
      at Object.<anonymous> (__tests__/hooks/use-agent.test.ts:91:34)

PASS __tests__/components/DailySummary.test.tsx
PASS __tests__/components/EmptyLogState.test.tsx
PASS __tests__/SnapPage.test.tsx
PASS __tests__/CameraCapture.test.tsx
  ● Console

    console.error
      Camera Error: { name: 'OverconstrainedError' }

      51 |
      52 |   const handleUserMediaError = useCallback((error: string | DOMException) => {
    > 53 |     console.error("Camera Error:", error);
         |             ^
      54 |     setPermissionDenied(true);
      55 |     
      56 |     // Distinguish between permission and constraint errors

      at Object.error [as onUserMediaError] (components/features/camera/CameraCapture.tsx:53:13)
      at onUserMediaError (__tests__/CameraCapture.test.tsx:13:77)
      at executeDispatch (../node_modules/.pnpm/react-dom@19.1.1_react@19.1.1/node_modules/react-dom/cjs/react-dom-client.development.js:16368:9)
      at runWithFiberInDEV (../node_modules/.pnpm/react-dom@19.1.1_react@19.1.1/node_modules/react-dom/cjs/react-dom-client.development.js:1522:13)
      at processDispatchQueue (../node_modules/.pnpm/react-dom@19.1.1_react@19.1.1/node_modules/react-dom/cjs/react-dom-client.development.js:16418:19)
      at ../node_modules/.pnpm/react-dom@19.1.1_react@19.1.1/node_modules/react-dom/cjs/react-dom-client.development.js:17016:9
      at batchedUpdates$1 (../node_modules/.pnpm/react-dom@19.1.1_react@19.1.1/node_modules/react-dom/cjs/react-dom-client.development.js:3262:40)
      at dispatchEventForPluginEventSystem (../node_modules/.pnpm/react-dom@19.1.1_react@19.1.1/node_modules/react-dom/cjs/react-dom-client.development.js:16572:7)
      at dispatchEvent (../node_modules/.pnpm/react-dom@19.1.1_react@19.1.1/node_modules/react-dom/cjs/react-dom-client.development.js:20658:11)
      at dispatchDiscreteEvent (../node_modules/.pnpm/react-dom@19.1.1_react@19.1.1/node_modules/react-dom/cjs/react-dom-client.development.js:20626:11)
      at HTMLDivElement.callTheUserObjectsOperation (../node_modules/.pnpm/jsdom@20.0.3/node_modules/jsdom/lib/jsdom/living/generated/EventListener.js:26:30)
      at innerInvokeEventListeners (../node_modules/.pnpm/jsdom@20.0.3/node_modules/jsdom/lib/jsdom/living/events/EventTarget-impl.js:350:25)
      at invokeEventListeners (../node_modules/.pnpm/jsdom@20.0.3/node_modules/jsdom/lib/jsdom/living/events/EventTarget-impl.js:286:3)
      at HTMLButtonElementImpl._dispatch (../node_modules/.pnpm/jsdom@20.0.3/node_modules/jsdom/lib/jsdom/living/events/EventTarget-impl.js:233:9)
      at HTMLButtonElementImpl.dispatchEvent (../node_modules/.pnpm/jsdom@20.0.3/node_modules/jsdom/lib/jsdom/living/events/EventTarget-impl.js:104:17)
      at HTMLButtonElement.dispatchEvent (../node_modules/.pnpm/jsdom@20.0.3/node_modules/jsdom/lib/jsdom/living/generated/EventTarget.js:241:34)
      at ../node_modules/.pnpm/@testing-library+dom@10.4.1/node_modules/@testing-library/dom/dist/events.js:19:20
      at ../node_modules/.pnpm/@testing-library+react@16.3.0_@testing-library+dom@10.4.1_@types+react-dom@19.1.7_@type_f775aca803668a3053f946ffbe004ef7/node_modules/@testing-library/react/dist/pure.js:108:16
      at ../node_modules/.pnpm/@testing-library+react@16.3.0_@testing-library+dom@10.4.1_@types+react-dom@19.1.7_@type_f775aca803668a3053f946ffbe004ef7/node_modules/@testing-library/react/dist/act-compat.js:48:24
      at Object.<anonymous>.process.env.NODE_ENV.exports.act (../node_modules/.pnpm/react@19.1.1/node_modules/react/cjs/react.development.js:790:22)
      at ../node_modules/.pnpm/@testing-library+react@16.3.0_@testing-library+dom@10.4.1_@types+react-dom@19.1.7_@type_f775aca803668a3053f946ffbe004ef7/node_modules/@testing-library/react/dist/act-compat.js:47:25
      at Object.eventWrapper (../node_modules/.pnpm/@testing-library+react@16.3.0_@testing-library+dom@10.4.1_@types+react-dom@19.1.7_@type_f775aca803668a3053f946ffbe004ef7/node_modules/@testing-library/react/dist/pure.js:107:28)
      at fireEvent (../node_modules/.pnpm/@testing-library+dom@10.4.1/node_modules/@testing-library/dom/dist/events.js:12:35)
      at Function.fireEvent.<computed> [as click] (../node_modules/.pnpm/@testing-library+dom@10.4.1/node_modules/@testing-library/dom/dist/events.js:110:36)
      at Function.fireEvent.<computed> [as click] (../node_modules/.pnpm/@testing-library+react@16.3.0_@testing-library+dom@10.4.1_@types+react-dom@19.1.7_@type_f775aca803668a3053f946ffbe004ef7/node_modules/@testing-library/react/dist/fire-event.js:15:52)
      at Object.click (__tests__/CameraCapture.test.tsx:82:19)

    console.error
      Camera Error: { name: 'NotAllowedError' }

      51 |
      52 |   const handleUserMediaError = useCallback((error: string | DOMException) => {
    > 53 |     console.error("Camera Error:", error);
         |             ^
      54 |     setPermissionDenied(true);
      55 |     
      56 |     // Distinguish between permission and constraint errors

      at Object.error [as onUserMediaError] (components/features/camera/CameraCapture.tsx:53:13)
      at onUserMediaError (__tests__/CameraCapture.test.tsx:14:77)
      at executeDispatch (../node_modules/.pnpm/react-dom@19.1.1_react@19.1.1/node_modules/react-dom/cjs/react-dom-client.development.js:16368:9)
      at runWithFiberInDEV (../node_modules/.pnpm/react-dom@19.1.1_react@19.1.1/node_modules/react-dom/cjs/react-dom-client.development.js:1522:13)
      at processDispatchQueue (../node_modules/.pnpm/react-dom@19.1.1_react@19.1.1/node_modules/react-dom/cjs/react-dom-client.development.js:16418:19)
      at ../node_modules/.pnpm/react-dom@19.1.1_react@19.1.1/node_modules/react-dom/cjs/react-dom-client.development.js:17016:9
      at batchedUpdates$1 (../node_modules/.pnpm/react-dom@19.1.1_react@19.1.1/node_modules/react-dom/cjs/react-dom-client.development.js:3262:40)
      at dispatchEventForPluginEventSystem (../node_modules/.pnpm/react-dom@19.1.1_react@19.1.1/node_modules/react-dom/cjs/react-dom-client.development.js:16572:7)
      at dispatchEvent (../node_modules/.pnpm/react-dom@19.1.1_react@19.1.1/node_modules/react-dom/cjs/react-dom-client.development.js:20658:11)
      at dispatchDiscreteEvent (../node_modules/.pnpm/react-dom@19.1.1_react@19.1.1/node_modules/react-dom/cjs/react-dom-client.development.js:20626:11)
      at HTMLDivElement.callTheUserObjectsOperation (../node_modules/.pnpm/jsdom@20.0.3/node_modules/jsdom/lib/jsdom/living/generated/EventListener.js:26:30)
      at innerInvokeEventListeners (../node_modules/.pnpm/jsdom@20.0.3/node_modules/jsdom/lib/jsdom/living/events/EventTarget-impl.js:350:25)
      at invokeEventListeners (../node_modules/.pnpm/jsdom@20.0.3/node_modules/jsdom/lib/jsdom/living/events/EventTarget-impl.js:286:3)
      at HTMLButtonElementImpl._dispatch (../node_modules/.pnpm/jsdom@20.0.3/node_modules/jsdom/lib/jsdom/living/events/EventTarget-impl.js:233:9)
      at HTMLButtonElementImpl.dispatchEvent (../node_modules/.pnpm/jsdom@20.0.3/node_modules/jsdom/lib/jsdom/living/events/EventTarget-impl.js:104:17)
      at HTMLButtonElement.dispatchEvent (../node_modules/.pnpm/jsdom@20.0.3/node_modules/jsdom/lib/jsdom/living/generated/EventTarget.js:241:34)
      at ../node_modules/.pnpm/@testing-library+dom@10.4.1/node_modules/@testing-library/dom/dist/events.js:19:20
      at ../node_modules/.pnpm/@testing-library+react@16.3.0_@testing-library+dom@10.4.1_@types+react-dom@19.1.7_@type_f775aca803668a3053f946ffbe004ef7/node_modules/@testing-library/react/dist/pure.js:108:16
      at ../node_modules/.pnpm/@testing-library+react@16.3.0_@testing-library+dom@10.4.1_@types+react-dom@19.1.7_@type_f775aca803668a3053f946ffbe004ef7/node_modules/@testing-library/react/dist/act-compat.js:48:24
      at Object.<anonymous>.process.env.NODE_ENV.exports.act (../node_modules/.pnpm/react@19.1.1/node_modules/react/cjs/react.development.js:790:22)
      at ../node_modules/.pnpm/@testing-library+react@16.3.0_@testing-library+dom@10.4.1_@types+react-dom@19.1.7_@type_f775aca803668a3053f946ffbe004ef7/node_modules/@testing-library/react/dist/act-compat.js:47:25
      at Object.eventWrapper (../node_modules/.pnpm/@testing-library+react@16.3.0_@testing-library+dom@10.4.1_@types+react-dom@19.1.7_@type_f775aca803668a3053f946ffbe004ef7/node_modules/@testing-library/react/dist/pure.js:107:28)
      at fireEvent (../node_modules/.pnpm/@testing-library+dom@10.4.1/node_modules/@testing-library/dom/dist/events.js:12:35)
      at Function.fireEvent.<computed> [as click] (../node_modules/.pnpm/@testing-library+dom@10.4.1/node_modules/@testing-library/dom/dist/events.js:110:36)
      at Function.fireEvent.<computed> [as click] (../node_modules/.pnpm/@testing-library+react@16.3.0_@testing-library+dom@10.4.1_@types+react-dom@19.1.7_@type_f775aca803668a3053f946ffbe004ef7/node_modules/@testing-library/react/dist/fire-event.js:15:52)
      at Object.click (__tests__/CameraCapture.test.tsx:92:19)

    console.error
      Camera Error: Unknown Error

      51 |
      52 |   const handleUserMediaError = useCallback((error: string | DOMException) => {
    > 53 |     console.error("Camera Error:", error);
         |             ^
      54 |     setPermissionDenied(true);
      55 |     
      56 |     // Distinguish between permission and constraint errors

      at Object.error [as onUserMediaError] (components/features/camera/CameraCapture.tsx:53:13)
      at onUserMediaError (__tests__/CameraCapture.test.tsx:15:77)
      at executeDispatch (../node_modules/.pnpm/react-dom@19.1.1_react@19.1.1/node_modules/react-dom/cjs/react-dom-client.development.js:16368:9)
      at runWithFiberInDEV (../node_modules/.pnpm/react-dom@19.1.1_react@19.1.1/node_modules/react-dom/cjs/react-dom-client.development.js:1522:13)
      at processDispatchQueue (../node_modules/.pnpm/react-dom@19.1.1_react@19.1.1/node_modules/react-dom/cjs/react-dom-client.development.js:16418:19)
      at ../node_modules/.pnpm/react-dom@19.1.1_react@19.1.1/node_modules/react-dom/cjs/react-dom-client.development.js:17016:9
      at batchedUpdates$1 (../node_modules/.pnpm/react-dom@19.1.1_react@19.1.1/node_modules/react-dom/cjs/react-dom-client.development.js:3262:40)
      at dispatchEventForPluginEventSystem (../node_modules/.pnpm/react-dom@19.1.1_react@19.1.1/node_modules/react-dom/cjs/react-dom-client.development.js:16572:7)
      at dispatchEvent (../node_modules/.pnpm/react-dom@19.1.1_react@19.1.1/node_modules/react-dom/cjs/react-dom-client.development.js:20658:11)
      at dispatchDiscreteEvent (../node_modules/.pnpm/react-dom@19.1.1_react@19.1.1/node_modules/react-dom/cjs/react-dom-client.development.js:20626:11)
      at HTMLDivElement.callTheUserObjectsOperation (../node_modules/.pnpm/jsdom@20.0.3/node_modules/jsdom/lib/jsdom/living/generated/EventListener.js:26:30)
      at innerInvokeEventListeners (../node_modules/.pnpm/jsdom@20.0.3/node_modules/jsdom/lib/jsdom/living/events/EventTarget-impl.js:350:25)
      at invokeEventListeners (../node_modules/.pnpm/jsdom@20.0.3/node_modules/jsdom/lib/jsdom/living/events/EventTarget-impl.js:286:3)
      at HTMLButtonElementImpl._dispatch (../node_modules/.pnpm/jsdom@20.0.3/node_modules/jsdom/lib/jsdom/living/events/EventTarget-impl.js:233:9)
      at HTMLButtonElementImpl.dispatchEvent (../node_modules/.pnpm/jsdom@20.0.3/node_modules/jsdom/lib/jsdom/living/events/EventTarget-impl.js:104:17)
      at HTMLButtonElement.dispatchEvent (../node_modules/.pnpm/jsdom@20.0.3/node_modules/jsdom/lib/jsdom/living/generated/EventTarget.js:241:34)
      at ../node_modules/.pnpm/@testing-library+dom@10.4.1/node_modules/@testing-library/dom/dist/events.js:19:20
      at ../node_modules/.pnpm/@testing-library+react@16.3.0_@testing-library+dom@10.4.1_@types+react-dom@19.1.7_@type_f775aca803668a3053f946ffbe004ef7/node_modules/@testing-library/react/dist/pure.js:108:16
      at ../node_modules/.pnpm/@testing-library+react@16.3.0_@testing-library+dom@10.4.1_@types+react-dom@19.1.7_@type_f775aca803668a3053f946ffbe004ef7/node_modules/@testing-library/react/dist/act-compat.js:48:24
      at Object.<anonymous>.process.env.NODE_ENV.exports.act (../node_modules/.pnpm/react@19.1.1/node_modules/react/cjs/react.development.js:790:22)
      at ../node_modules/.pnpm/@testing-library+react@16.3.0_@testing-library+dom@10.4.1_@types+react-dom@19.1.7_@type_f775aca803668a3053f946ffbe004ef7/node_modules/@testing-library/react/dist/act-compat.js:47:25
      at Object.eventWrapper (../node_modules/.pnpm/@testing-library+react@16.3.0_@testing-library+dom@10.4.1_@types+react-dom@19.1.7_@type_f775aca803668a3053f946ffbe004ef7/node_modules/@testing-library/react/dist/pure.js:107:28)
      at fireEvent (../node_modules/.pnpm/@testing-library+dom@10.4.1/node_modules/@testing-library/dom/dist/events.js:12:35)
      at Function.fireEvent.<computed> [as click] (../node_modules/.pnpm/@testing-library+dom@10.4.1/node_modules/@testing-library/dom/dist/events.js:110:36)
      at Function.fireEvent.<computed> [as click] (../node_modules/.pnpm/@testing-library+react@16.3.0_@testing-library+dom@10.4.1_@types+react-dom@19.1.7_@type_f775aca803668a3053f946ffbe004ef7/node_modules/@testing-library/react/dist/fire-event.js:15:52)
      at Object.click (__tests__/CameraCapture.test.tsx:110:20)

PASS __tests__/VoiceCaptureButton.test.tsx
FAIL __tests__/components/FoodEntryCard.test.tsx
  ● FoodEntryCard › renders meal description

    invariant expected app router to be mounted

      44 |  */
      45 | export function FoodEntryCard({ log, onClick }: FoodEntryCardProps) {
    > 46 |   const router = useRouter();
         |                           ^
      47 |   const displayText = log.description || log.transcript || 'Meal logged';
      48 |   const imageUrl = getImageUrl(log.image_path);
      49 |   const timeDisplay = formatTime(log.created_at);

      at useRouter (../node_modules/.pnpm/next@15.5.0_@babel+core@7.28.5_@playwright+test@1.57.0_react-dom@19.1.1_react@19.1.1__react@19.1.1/node_modules/next/src/client/components/navigation.ts:128:11)
      at FoodEntryCard (components/features/logs/FoodEntryCard.tsx:46:27)
      at Object.react_stack_bottom_frame (../node_modules/.pnpm/react-dom@19.1.1_react@19.1.1/node_modules/react-dom/cjs/react-dom-client.development.js:23863:20)
      at renderWithHooks (../node_modules/.pnpm/react-dom@19.1.1_react@19.1.1/node_modules/react-dom/cjs/react-dom-client.development.js:5529:22)
      at updateFunctionComponent (../node_modules/.pnpm/react-dom@19.1.1_react@19.1.1/node_modules/react-dom/cjs/react-dom-client.development.js:8897:19)
      at beginWork (../node_modules/.pnpm/react-dom@19.1.1_react@19.1.1/node_modules/react-dom/cjs/react-dom-client.development.js:10522:18)
      at runWithFiberInDEV (../node_modules/.pnpm/react-dom@19.1.1_react@19.1.1/node_modules/react-dom/cjs/react-dom-client.development.js:1522:13)
      at performUnitOfWork (../node_modules/.pnpm/react-dom@19.1.1_react@19.1.1/node_modules/react-dom/cjs/react-dom-client.development.js:15140:22)
      at workLoopSync (../node_modules/.pnpm/react-dom@19.1.1_react@19.1.1/node_modules/react-dom/cjs/react-dom-client.development.js:14956:41)
      at renderRootSync (../node_modules/.pnpm/react-dom@19.1.1_react@19.1.1/node_modules/react-dom/cjs/react-dom-client.development.js:14936:11)
      at performWorkOnRoot (../node_modules/.pnpm/react-dom@19.1.1_react@19.1.1/node_modules/react-dom/cjs/react-dom-client.development.js:14462:44)
      at performWorkOnRootViaSchedulerTask (../node_modules/.pnpm/react-dom@19.1.1_react@19.1.1/node_modules/react-dom/cjs/react-dom-client.development.js:16216:7)
      at flushActQueue (../node_modules/.pnpm/react@19.1.1/node_modules/react/cjs/react.development.js:566:34)
      at Object.<anonymous>.process.env.NODE_ENV.exports.act (../node_modules/.pnpm/react@19.1.1/node_modules/react/cjs/react.development.js:860:10)
      at ../node_modules/.pnpm/@testing-library+react@16.3.0_@testing-library+dom@10.4.1_@types+react-dom@19.1.7_@type_f775aca803668a3053f946ffbe004ef7/node_modules/@testing-library/react/dist/act-compat.js:47:25
      at renderRoot (../node_modules/.pnpm/@testing-library+react@16.3.0_@testing-library+dom@10.4.1_@types+react-dom@19.1.7_@type_f775aca803668a3053f946ffbe004ef7/node_modules/@testing-library/react/dist/pure.js:190:26)
      at render (../node_modules/.pnpm/@testing-library+react@16.3.0_@testing-library+dom@10.4.1_@types+react-dom@19.1.7_@type_f775aca803668a3053f946ffbe004ef7/node_modules/@testing-library/react/dist/pure.js:292:10)
      at Object.<anonymous> (__tests__/components/FoodEntryCard.test.tsx:27:11)

  ● FoodEntryCard › renders calorie badge

    invariant expected app router to be mounted

      44 |  */
      45 | export function FoodEntryCard({ log, onClick }: FoodEntryCardProps) {
    > 46 |   const router = useRouter();
         |                           ^
      47 |   const displayText = log.description || log.transcript || 'Meal logged';
      48 |   const imageUrl = getImageUrl(log.image_path);
      49 |   const timeDisplay = formatTime(log.created_at);

      at useRouter (../node_modules/.pnpm/next@15.5.0_@babel+core@7.28.5_@playwright+test@1.57.0_react-dom@19.1.1_react@19.1.1__react@19.1.1/node_modules/next/src/client/components/navigation.ts:128:11)
      at FoodEntryCard (components/features/logs/FoodEntryCard.tsx:46:27)
      at Object.react_stack_bottom_frame (../node_modules/.pnpm/react-dom@19.1.1_react@19.1.1/node_modules/react-dom/cjs/react-dom-client.development.js:23863:20)
      at renderWithHooks (../node_modules/.pnpm/react-dom@19.1.1_react@19.1.1/node_modules/react-dom/cjs/react-dom-client.development.js:5529:22)
      at updateFunctionComponent (../node_modules/.pnpm/react-dom@19.1.1_react@19.1.1/node_modules/react-dom/cjs/react-dom-client.development.js:8897:19)
      at beginWork (../node_modules/.pnpm/react-dom@19.1.1_react@19.1.1/node_modules/react-dom/cjs/react-dom-client.development.js:10522:18)
      at runWithFiberInDEV (../node_modules/.pnpm/react-dom@19.1.1_react@19.1.1/node_modules/react-dom/cjs/react-dom-client.development.js:1522:13)
      at performUnitOfWork (../node_modules/.pnpm/react-dom@19.1.1_react@19.1.1/node_modules/react-dom/cjs/react-dom-client.development.js:15140:22)
      at workLoopSync (../node_modules/.pnpm/react-dom@19.1.1_react@19.1.1/node_modules/react-dom/cjs/react-dom-client.development.js:14956:41)
      at renderRootSync (../node_modules/.pnpm/react-dom@19.1.1_react@19.1.1/node_modules/react-dom/cjs/react-dom-client.development.js:14936:11)
      at performWorkOnRoot (../node_modules/.pnpm/react-dom@19.1.1_react@19.1.1/node_modules/react-dom/cjs/react-dom-client.development.js:14462:44)
      at performWorkOnRootViaSchedulerTask (../node_modules/.pnpm/react-dom@19.1.1_react@19.1.1/node_modules/react-dom/cjs/react-dom-client.development.js:16216:7)
      at flushActQueue (../node_modules/.pnpm/react@19.1.1/node_modules/react/cjs/react.development.js:566:34)
      at Object.<anonymous>.process.env.NODE_ENV.exports.act (../node_modules/.pnpm/react@19.1.1/node_modules/react/cjs/react.development.js:860:10)
      at ../node_modules/.pnpm/@testing-library+react@16.3.0_@testing-library+dom@10.4.1_@types+react-dom@19.1.7_@type_f775aca803668a3053f946ffbe004ef7/node_modules/@testing-library/react/dist/act-compat.js:47:25
      at renderRoot (../node_modules/.pnpm/@testing-library+react@16.3.0_@testing-library+dom@10.4.1_@types+react-dom@19.1.7_@type_f775aca803668a3053f946ffbe004ef7/node_modules/@testing-library/react/dist/pure.js:190:26)
      at render (../node_modules/.pnpm/@testing-library+react@16.3.0_@testing-library+dom@10.4.1_@types+react-dom@19.1.7_@type_f775aca803668a3053f946ffbe004ef7/node_modules/@testing-library/react/dist/pure.js:292:10)
      at Object.<anonymous> (__tests__/components/FoodEntryCard.test.tsx:32:11)

  ● FoodEntryCard › shows transcript when no description

    invariant expected app router to be mounted

      44 |  */
      45 | export function FoodEntryCard({ log, onClick }: FoodEntryCardProps) {
    > 46 |   const router = useRouter();
         |                           ^
      47 |   const displayText = log.description || log.transcript || 'Meal logged';
      48 |   const imageUrl = getImageUrl(log.image_path);
      49 |   const timeDisplay = formatTime(log.created_at);

      at useRouter (../node_modules/.pnpm/next@15.5.0_@babel+core@7.28.5_@playwright+test@1.57.0_react-dom@19.1.1_react@19.1.1__react@19.1.1/node_modules/next/src/client/components/navigation.ts:128:11)
      at FoodEntryCard (components/features/logs/FoodEntryCard.tsx:46:27)
      at Object.react_stack_bottom_frame (../node_modules/.pnpm/react-dom@19.1.1_react@19.1.1/node_modules/react-dom/cjs/react-dom-client.development.js:23863:20)
      at renderWithHooks (../node_modules/.pnpm/react-dom@19.1.1_react@19.1.1/node_modules/react-dom/cjs/react-dom-client.development.js:5529:22)
      at updateFunctionComponent (../node_modules/.pnpm/react-dom@19.1.1_react@19.1.1/node_modules/react-dom/cjs/react-dom-client.development.js:8897:19)
      at beginWork (../node_modules/.pnpm/react-dom@19.1.1_react@19.1.1/node_modules/react-dom/cjs/react-dom-client.development.js:10522:18)
      at runWithFiberInDEV (../node_modules/.pnpm/react-dom@19.1.1_react@19.1.1/node_modules/react-dom/cjs/react-dom-client.development.js:1522:13)
      at performUnitOfWork (../node_modules/.pnpm/react-dom@19.1.1_react@19.1.1/node_modules/react-dom/cjs/react-dom-client.development.js:15140:22)
      at workLoopSync (../node_modules/.pnpm/react-dom@19.1.1_react@19.1.1/node_modules/react-dom/cjs/react-dom-client.development.js:14956:41)
      at renderRootSync (../node_modules/.pnpm/react-dom@19.1.1_react@19.1.1/node_modules/react-dom/cjs/react-dom-client.development.js:14936:11)
      at performWorkOnRoot (../node_modules/.pnpm/react-dom@19.1.1_react@19.1.1/node_modules/react-dom/cjs/react-dom-client.development.js:14462:44)
      at performWorkOnRootViaSchedulerTask (../node_modules/.pnpm/react-dom@19.1.1_react@19.1.1/node_modules/react-dom/cjs/react-dom-client.development.js:16216:7)
      at flushActQueue (../node_modules/.pnpm/react@19.1.1/node_modules/react/cjs/react.development.js:566:34)
      at Object.<anonymous>.process.env.NODE_ENV.exports.act (../node_modules/.pnpm/react@19.1.1/node_modules/react/cjs/react.development.js:860:10)
      at ../node_modules/.pnpm/@testing-library+react@16.3.0_@testing-library+dom@10.4.1_@types+react-dom@19.1.7_@type_f775aca803668a3053f946ffbe004ef7/node_modules/@testing-library/react/dist/act-compat.js:47:25
      at renderRoot (../node_modules/.pnpm/@testing-library+react@16.3.0_@testing-library+dom@10.4.1_@types+react-dom@19.1.7_@type_f775aca803668a3053f946ffbe004ef7/node_modules/@testing-library/react/dist/pure.js:190:26)
      at render (../node_modules/.pnpm/@testing-library+react@16.3.0_@testing-library+dom@10.4.1_@types+react-dom@19.1.7_@type_f775aca803668a3053f946ffbe004ef7/node_modules/@testing-library/react/dist/pure.js:292:10)
      at Object.<anonymous> (__tests__/components/FoodEntryCard.test.tsx:38:11)

  ● FoodEntryCard › shows needs review indicator when applicable

    invariant expected app router to be mounted

      44 |  */
      45 | export function FoodEntryCard({ log, onClick }: FoodEntryCardProps) {
    > 46 |   const router = useRouter();
         |                           ^
      47 |   const displayText = log.description || log.transcript || 'Meal logged';
      48 |   const imageUrl = getImageUrl(log.image_path);
      49 |   const timeDisplay = formatTime(log.created_at);

      at useRouter (../node_modules/.pnpm/next@15.5.0_@babel+core@7.28.5_@playwright+test@1.57.0_react-dom@19.1.1_react@19.1.1__react@19.1.1/node_modules/next/src/client/components/navigation.ts:128:11)
      at FoodEntryCard (components/features/logs/FoodEntryCard.tsx:46:27)
      at Object.react_stack_bottom_frame (../node_modules/.pnpm/react-dom@19.1.1_react@19.1.1/node_modules/react-dom/cjs/react-dom-client.development.js:23863:20)
      at renderWithHooks (../node_modules/.pnpm/react-dom@19.1.1_react@19.1.1/node_modules/react-dom/cjs/react-dom-client.development.js:5529:22)
      at updateFunctionComponent (../node_modules/.pnpm/react-dom@19.1.1_react@19.1.1/node_modules/react-dom/cjs/react-dom-client.development.js:8897:19)
      at beginWork (../node_modules/.pnpm/react-dom@19.1.1_react@19.1.1/node_modules/react-dom/cjs/react-dom-client.development.js:10522:18)
      at runWithFiberInDEV (../node_modules/.pnpm/react-dom@19.1.1_react@19.1.1/node_modules/react-dom/cjs/react-dom-client.development.js:1522:13)
      at performUnitOfWork (../node_modules/.pnpm/react-dom@19.1.1_react@19.1.1/node_modules/react-dom/cjs/react-dom-client.development.js:15140:22)
      at workLoopSync (../node_modules/.pnpm/react-dom@19.1.1_react@19.1.1/node_modules/react-dom/cjs/react-dom-client.development.js:14956:41)
      at renderRootSync (../node_modules/.pnpm/react-dom@19.1.1_react@19.1.1/node_modules/react-dom/cjs/react-dom-client.development.js:14936:11)
      at performWorkOnRoot (../node_modules/.pnpm/react-dom@19.1.1_react@19.1.1/node_modules/react-dom/cjs/react-dom-client.development.js:14462:44)
      at performWorkOnRootViaSchedulerTask (../node_modules/.pnpm/react-dom@19.1.1_react@19.1.1/node_modules/react-dom/cjs/react-dom-client.development.js:16216:7)
      at flushActQueue (../node_modules/.pnpm/react@19.1.1/node_modules/react/cjs/react.development.js:566:34)
      at Object.<anonymous>.process.env.NODE_ENV.exports.act (../node_modules/.pnpm/react@19.1.1/node_modules/react/cjs/react.development.js:860:10)
      at ../node_modules/.pnpm/@testing-library+react@16.3.0_@testing-library+dom@10.4.1_@types+react-dom@19.1.7_@type_f775aca803668a3053f946ffbe004ef7/node_modules/@testing-library/react/dist/act-compat.js:47:25
      at renderRoot (../node_modules/.pnpm/@testing-library+react@16.3.0_@testing-library+dom@10.4.1_@types+react-dom@19.1.7_@type_f775aca803668a3053f946ffbe004ef7/node_modules/@testing-library/react/dist/pure.js:190:26)
      at render (../node_modules/.pnpm/@testing-library+react@16.3.0_@testing-library+dom@10.4.1_@types+react-dom@19.1.7_@type_f775aca803668a3053f946ffbe004ef7/node_modules/@testing-library/react/dist/pure.js:292:10)
      at Object.<anonymous> (__tests__/components/FoodEntryCard.test.tsx:44:11)

  ● FoodEntryCard › does not show needs review indicator when not needed

    invariant expected app router to be mounted

      44 |  */
      45 | export function FoodEntryCard({ log, onClick }: FoodEntryCardProps) {
    > 46 |   const router = useRouter();
         |                           ^
      47 |   const displayText = log.description || log.transcript || 'Meal logged';
      48 |   const imageUrl = getImageUrl(log.image_path);
      49 |   const timeDisplay = formatTime(log.created_at);

      at useRouter (../node_modules/.pnpm/next@15.5.0_@babel+core@7.28.5_@playwright+test@1.57.0_react-dom@19.1.1_react@19.1.1__react@19.1.1/node_modules/next/src/client/components/navigation.ts:128:11)
      at FoodEntryCard (components/features/logs/FoodEntryCard.tsx:46:27)
      at Object.react_stack_bottom_frame (../node_modules/.pnpm/react-dom@19.1.1_react@19.1.1/node_modules/react-dom/cjs/react-dom-client.development.js:23863:20)
      at renderWithHooks (../node_modules/.pnpm/react-dom@19.1.1_react@19.1.1/node_modules/react-dom/cjs/react-dom-client.development.js:5529:22)
      at updateFunctionComponent (../node_modules/.pnpm/react-dom@19.1.1_react@19.1.1/node_modules/react-dom/cjs/react-dom-client.development.js:8897:19)
      at beginWork (../node_modules/.pnpm/react-dom@19.1.1_react@19.1.1/node_modules/react-dom/cjs/react-dom-client.development.js:10522:18)
      at runWithFiberInDEV (../node_modules/.pnpm/react-dom@19.1.1_react@19.1.1/node_modules/react-dom/cjs/react-dom-client.development.js:1522:13)
      at performUnitOfWork (../node_modules/.pnpm/react-dom@19.1.1_react@19.1.1/node_modules/react-dom/cjs/react-dom-client.development.js:15140:22)
      at workLoopSync (../node_modules/.pnpm/react-dom@19.1.1_react@19.1.1/node_modules/react-dom/cjs/react-dom-client.development.js:14956:41)
      at renderRootSync (../node_modules/.pnpm/react-dom@19.1.1_react@19.1.1/node_modules/react-dom/cjs/react-dom-client.development.js:14936:11)
      at performWorkOnRoot (../node_modules/.pnpm/react-dom@19.1.1_react@19.1.1/node_modules/react-dom/cjs/react-dom-client.development.js:14462:44)
      at performWorkOnRootViaSchedulerTask (../node_modules/.pnpm/react-dom@19.1.1_react@19.1.1/node_modules/react-dom/cjs/react-dom-client.development.js:16216:7)
      at flushActQueue (../node_modules/.pnpm/react@19.1.1/node_modules/react/cjs/react.development.js:566:34)
      at Object.<anonymous>.process.env.NODE_ENV.exports.act (../node_modules/.pnpm/react@19.1.1/node_modules/react/cjs/react.development.js:860:10)
      at ../node_modules/.pnpm/@testing-library+react@16.3.0_@testing-library+dom@10.4.1_@types+react-dom@19.1.7_@type_f775aca803668a3053f946ffbe004ef7/node_modules/@testing-library/react/dist/act-compat.js:47:25
      at renderRoot (../node_modules/.pnpm/@testing-library+react@16.3.0_@testing-library+dom@10.4.1_@types+react-dom@19.1.7_@type_f775aca803668a3053f946ffbe004ef7/node_modules/@testing-library/react/dist/pure.js:190:26)
      at render (../node_modules/.pnpm/@testing-library+react@16.3.0_@testing-library+dom@10.4.1_@types+react-dom@19.1.7_@type_f775aca803668a3053f946ffbe004ef7/node_modules/@testing-library/react/dist/pure.js:292:10)
      at Object.<anonymous> (__tests__/components/FoodEntryCard.test.tsx:49:11)

  ● FoodEntryCard › renders time in correct format

    invariant expected app router to be mounted

      44 |  */
      45 | export function FoodEntryCard({ log, onClick }: FoodEntryCardProps) {
    > 46 |   const router = useRouter();
         |                           ^
      47 |   const displayText = log.description || log.transcript || 'Meal logged';
      48 |   const imageUrl = getImageUrl(log.image_path);
      49 |   const timeDisplay = formatTime(log.created_at);

      at useRouter (../node_modules/.pnpm/next@15.5.0_@babel+core@7.28.5_@playwright+test@1.57.0_react-dom@19.1.1_react@19.1.1__react@19.1.1/node_modules/next/src/client/components/navigation.ts:128:11)
      at FoodEntryCard (components/features/logs/FoodEntryCard.tsx:46:27)
      at Object.react_stack_bottom_frame (../node_modules/.pnpm/react-dom@19.1.1_react@19.1.1/node_modules/react-dom/cjs/react-dom-client.development.js:23863:20)
      at renderWithHooks (../node_modules/.pnpm/react-dom@19.1.1_react@19.1.1/node_modules/react-dom/cjs/react-dom-client.development.js:5529:22)
      at updateFunctionComponent (../node_modules/.pnpm/react-dom@19.1.1_react@19.1.1/node_modules/react-dom/cjs/react-dom-client.development.js:8897:19)
      at beginWork (../node_modules/.pnpm/react-dom@19.1.1_react@19.1.1/node_modules/react-dom/cjs/react-dom-client.development.js:10522:18)
      at runWithFiberInDEV (../node_modules/.pnpm/react-dom@19.1.1_react@19.1.1/node_modules/react-dom/cjs/react-dom-client.development.js:1522:13)
      at performUnitOfWork (../node_modules/.pnpm/react-dom@19.1.1_react@19.1.1/node_modules/react-dom/cjs/react-dom-client.development.js:15140:22)
      at workLoopSync (../node_modules/.pnpm/react-dom@19.1.1_react@19.1.1/node_modules/react-dom/cjs/react-dom-client.development.js:14956:41)
      at renderRootSync (../node_modules/.pnpm/react-dom@19.1.1_react@19.1.1/node_modules/react-dom/cjs/react-dom-client.development.js:14936:11)
      at performWorkOnRoot (../node_modules/.pnpm/react-dom@19.1.1_react@19.1.1/node_modules/react-dom/cjs/react-dom-client.development.js:14462:44)
      at performWorkOnRootViaSchedulerTask (../node_modules/.pnpm/react-dom@19.1.1_react@19.1.1/node_modules/react-dom/cjs/react-dom-client.development.js:16216:7)
      at flushActQueue (../node_modules/.pnpm/react@19.1.1/node_modules/react/cjs/react.development.js:566:34)
      at Object.<anonymous>.process.env.NODE_ENV.exports.act (../node_modules/.pnpm/react@19.1.1/node_modules/react/cjs/react.development.js:860:10)
      at ../node_modules/.pnpm/@testing-library+react@16.3.0_@testing-library+dom@10.4.1_@types+react-dom@19.1.7_@type_f775aca803668a3053f946ffbe004ef7/node_modules/@testing-library/react/dist/act-compat.js:47:25
      at renderRoot (../node_modules/.pnpm/@testing-library+react@16.3.0_@testing-library+dom@10.4.1_@types+react-dom@19.1.7_@type_f775aca803668a3053f946ffbe004ef7/node_modules/@testing-library/react/dist/pure.js:190:26)
      at render (../node_modules/.pnpm/@testing-library+react@16.3.0_@testing-library+dom@10.4.1_@types+react-dom@19.1.7_@type_f775aca803668a3053f946ffbe004ef7/node_modules/@testing-library/react/dist/pure.js:292:10)
      at Object.<anonymous> (__tests__/components/FoodEntryCard.test.tsx:54:11)

PASS __tests__/ImagePreview.test.tsx
PASS __tests__/components/EditLogSheet.test.tsx
PASS __tests__/components/LogListError.test.tsx
PASS __tests__/components/ThinkingIndicator.test.tsx
PASS __tests__/components/ClarificationPrompt.test.tsx
PASS __tests__/components/DeleteLogDialog.test.tsx
FAIL __tests__/SnapPageIntegration.test.tsx
  ● Test suite failed to run

    Missing env.NEXT_PUBLIC_SUPABASE_URL

      2 |
      3 | if (!process.env.NEXT_PUBLIC_SUPABASE_URL) {
    > 4 |   throw new Error('Missing env.NEXT_PUBLIC_SUPABASE_URL');
        |         ^
      5 | }
      6 | if (!process.env.NEXT_PUBLIC_SUPABASE_ANON_KEY) {
      7 |   throw new Error('Missing env.NEXT_PUBLIC_SUPABASE_ANON_KEY');

      at Object.<anonymous> (lib/supabase.ts:4:9)
      at Object.<anonymous> (services/upload-service.ts:22:19)
      at Object.<anonymous> (/home/fabian/dev/work/snapandsay/frontend/app/(dashboard)../../../../../../snap/page.tsx:21:24)
      at Object.<anonymous> (__tests__/SnapPageIntegration.test.tsx:44:54)

Test Suites: 4 failed, 13 passed, 17 total
Tests:       14 failed, 75 passed, 89 total
Snapshots:   0 total
Time:        3.565 s
Ran all test suites.
