[dotenv@17.2.3] injecting env (7) from .env -- tip: ⚙️  write to custom object with { processEnv: myObject }

Running 3 tests using 3 workers

[dotenv@17.2.3] injecting env (0) from .env -- tip: ⚙️  write to custom object with { processEnv: myObject }
[dotenv@17.2.3] injecting env (0) from .env -- tip: ✅ audit secrets and track compliance: https://dotenvx.com/ops
[dotenv@17.2.3] injecting env (0) from .env -- tip: 🔐 encrypt with Dotenvx: https://dotenvx.com
  -  2 [firefox] › tests/e2e/e2-media.spec.ts:22:7 › Epic 2: Media Capture › TS-2.1: Camera Flow (Mocked)
  -  3 [webkit] › tests/e2e/e2-media.spec.ts:22:7 › Epic 2: Media Capture › TS-2.1: Camera Flow (Mocked)
[Browser info]: %cDownload the React DevTools for a better development experience: https://react.dev/link/react-devtools font-weight:bold
[Browser log]: Auth state change: INITIAL_SESSION undefined
[Browser log]: Auth state change: SIGNED_IN 22b98d31-c457-4676-a01c-c9e80616c461
[Browser log]: [Fast Refresh] rebuilding
[Browser log]: [Fast Refresh] done in 314ms
[Browser error]: Failed to load resource: the server responded with a status of 404 (Not Found)
[Browser error]: Failed to load resource: the server responded with a status of 404 (Not Found)
[Browser info]: %cDownload the React DevTools for a better development experience: https://react.dev/link/react-devtools font-weight:bold
[Browser log]: Auth state change: INITIAL_SESSION 22b98d31-c457-4676-a01c-c9e80616c461
Video not found. Checking for error message...
Dump of page content (body text): body{color:#000;background:#fff;margin:0}.next-error-h1{border-right:1px solid rgba(0,0,0,.3)}@media (prefers-color-scheme:dark){body{color:#fff;background:#000}.next-error-h1{border-right:1px solid rgba(255,255,255,.3)}}404This page could not be found.(self.__next_f=self.__next_f||[]).push([0])self.__next_f.push([1,"7:I[\"(app-pages-browser)/../node_modules/.pnpm/next@15.5.7_@babel+core@7.28.5_@playwright+test@1.57.0_react-dom@19.1.1_react@19.1.1__react@19.1.1/node_modules/next/dist/next-devtools/userspace/app/segment-explorer-node.js\",[\"app-pages-internals\",\"static/chunks/app-pages-internals.js\"],\"SegmentViewNode\"]\n9:\"$Sreact.fragment\"\n18:I[\"(app-pages-browser)/./components/providers/QueryProvider.tsx\",[\"app/layout\",\"static/chunks/app/layout.js\"],\"QueryProvider\"]\n1a:I[\"(app-pages-browser)/./components/AuthGuard.tsx\",[\"app/layout\",\"static/chunks/app/layout.js\"],\"default\"]\n1c:I[\"(app-pages-browser)/../node_modules/.pnpm/next@15.5.7_@babel+core@7.28.5_@playwright+test@1.57.0_react-dom@19.1.1_react@19.1.1__react@19.1.1/node_modules/next/dist/client/components/layout-router.js\",[\"app-pages-internals\",\"static/chunks/app-pages-internals.js\"],\"\"]\n1e:I[\"(app-pages-browser)/../node_modules/.pnpm/next@15.5.7_@babel+core@7.28.5_@playwright+test@1.57.0_react-dom@19.1.1_react@19.1.1__react@19.1.1/node_modules/next/dist/client/components/render-from-template-context.js\",[\"app-pages-internals\",\"static/chunks/app-pages-internals.js\"],\"\"]\n21:I[\"(app-pages-browser)/./components/ui/sonner.tsx\",[\"app/layout\",\"static/chunks/app/layout.js\"],\"Toaster\"]\n34:I[\"(app-pages-browser)/../node_modules/.pnpm/next@15.5.7_@babel+core@7.28.5_@playwright+test@1.57.0_react-dom@19.1.1_react@19.1.1__react@19.1.1/node_modules/next/dist/lib/framework/boundary-components.js\",[\"app-pages-internals\",\"static/chunks/app-pages-internals.js\"],\"OutletBoundary\"]\n3b:I[\"(app-pages-browser)/../node_modules/.pnpm/next@15.5.7_@babel+core@7.28.5_@playwright+test@1.57.0_react-dom@19.1.1_react@19.1.1__react@19.1.1/node_modules/next/dist/client/components/metadata/async-metadata.js\",[\"app-pages-internals\",\"static/chunks/app-pages-internals.js\"],\"AsyncMetadataOutlet\"]\n44:I[\"(app-pages-browser)/../node_modules/.pnpm/next@15.5.7_@babel+core@7.28.5_@playwright+test@1.57.0_react-dom@19.1.1_react@19.1.1__react@19.1.1/node_modules/next/dist/lib/framework/boundary-components.js\",[\"app-pages-"])self.__next_f.push([1,"internals\",\"static/chunks/app-pages-internals.js\"],\"ViewportBoundary\"]\n4b:I[\"(app-pages-browser)/../node_modules/.pnpm/next@15.5.7_@babel+core@7.28.5_@playwright+test@1.57.0_react-dom@19.1.1_react@19.1.1__react@19.1.1/node_modules/next/dist/lib/framework/boundary-components.js\",[\"app-pages-internals\",\"static/chunks/app-pages-internals.js\"],\"MetadataBoundary\"]\n50:\"$Sreact.suspense\"\n54:I[\"(app-pages-browser)/../node_modules/.pnpm/next@15.5.7_@babel+core@7.28.5_@playwright+test@1.57.0_react-dom@19.1.1_react@19.1.1__react@19.1.1/node_modules/next/dist/client/components/builtin/global-error.js\",[\"app-pages-internals\",\"static/chunks/app-pages-internals.js\"],\"\"]\n:HL[\"/_next/static/media/4473ecc91f70f139-s.p.woff\",\"font\",{\"crossOrigin\":\"\",\"type\":\"font/woff\"}]\n:HL[\"/_next/static/media/463dafcda517f24f-s.p.woff\",\"font\",{\"crossOrigin\":\"\",\"type\":\"font/woff\"}]\n:HL[\"/_next/static/css/app/layout.css?v=1765381043978\",\"style\"]\n:N1765381043982.0735\n3:\"$EObject.defineProperty(()=\u003e{ctx.componentMod.preloadFont(href,type,ctx.renderOpts.crossOrigin,ctx.nonce)},\\\"name\\\",{value:\\\"\\\"})\"\n4:\"$EObject.defineProperty(()=\u003e{ctx.componentMod.preloadFont(href,type,ctx.renderOpts.crossOrigin,ctx.nonce)},\\\"name\\\",{value:\\\"\\\"})\"\n5:\"$EObject.defineProperty(()=\u003e{ctx.componentMod.preloadStyle(fullHref,ctx.renderOpts.crossOrigin,ctx.nonce)},\\\"name\\\",{value:\\\"\\\"})\"\n2:{\"name\":\"Preloads\",\"key\":null,\"env\":\"Server\",\"stack\":[],\"props\":{\"preloadCallbacks\":[\"$3\",\"$4\",\"$5\"]}}\n6:[]\n8:[]\na:[[\"Array.map\",\"\",0,0,0,0,false]]\nd:I[\"(app-pages-browser)/../node_modules/.pnpm/next@15.5.7_@babel+core@7.28.5_@playwright+test@1.57.0_react-dom@19.1.1_react@19.1.1__react@19.1.1/node_modules/next/dist/client/components/layout-router.js\",[\"app-pages-internals\",\"static/chunks/app-pages-internals.js\"],\"\"]\n10:I[\"(app-pages-browser)/../node_modules/.pnpm/next@15.5.7_@babel+core@7.28.5_@playwright+test@1.57.0_react-dom@19.1.1_react@19.1.1__react@19.1.1/node_modules/next/dist/client/components/render-from-template-context.js\",[\"app-pages-internals\",\"static/chunks/app-pages-internals."])self.__next_f.push([1,"js\"],\"\"]\n11:{}\n12:[[\"Function.all\",\"\",0,0,0,0,true]]\nf:{\"children\":[\"$\",\"$L10\",null,\"$11\",null,\"$12\",1]}\n13:[[\"Function.all\",\"\",0,0,0,0,true]]\ne:{\"parallelRouterKey\":\"children\",\"error\":\"$undefined\",\"errorStyles\":\"$undefined\",\"errorScripts\":\"$undefined\",\"template\":[\"$\",\"$9\",null,\"$f\",null,\"$13\",0],\"templateStyles\":\"$undefined\",\"templateScripts\":\"$undefined\",\"notFound\":\"$undefined\",\"forbidden\":\"$undefined\",\"unauthorized\":\"$undefined\",\"segmentViewBoundaries\":\"$Y\"}\n14:[[\"Function.all\",\"\",0,0,0,0,true]]\nc:{\"name\":\"RootLayout\",\"key\":null,\"env\":\"Server\",\"stack\":[],\"props\":{\"children\":[\"$\",\"$Ld\",null,\"$e\",null,\"$14\",1],\"params\":\"$Y\"}}\n15:[[\"RootLayout\",\"webpack-internal:///(rsc)/./app/layout.tsx\",28,87,27,1,false]]\n16:[[\"RootLayout\",\"webpack-internal:///(rsc)/./app/layout.tsx\",30,94,27,1,false]]\n17:[[\"RootLayout\",\"webpack-internal:///(rsc)/./app/layout.tsx\",32,98,27,1,false]]\n19:[[\"RootLayout\",\"webpack-internal:///(rsc)/./app/layout.tsx\",34,96,27,1,false]]\n1b:[[\"Function.all\",\"\",0,0,0,0,true]]\n1d:[[\"Function.all\",\"\",0,0,0,0,true]]\n1f:[[\"Function.all\",\"\",0,0,0,0,true]]\n20:[[\"RootLayout\",\"webpack-internal:///(rsc)/./app/layout.tsx\",41,96,27,1,false]]\n22:[[\"Function.all\",\"\",0,0,0,0,true]]\n23:[[\"Function.all\",\"\",0,0,0,0,true],[\"Function.all\",\"\",0,0,0,0,true]]\n24:[[\"Function.all\",\"\",0,0,0,0,true],[\"Function.all\",\"\",0,0,0,0,true]]\n25:[[\"Function.all\",\"\",0,0,0,0,true],[\"Function.all\",\"\",0,0,0,0,true]]\n26:[[\"Function.all\",\"\",0,0,0,0,true],[\"Function.all\",\"\",0,0,0,0,true]]\n28:{\"name\":\"NotFound\",\"key\":null,\"env\":\"Server\",\"stack\":[[\"Function.all\",\"\",0,0,0,0,true],[\"Function.all\",\"\",0,0,0,0,true]],\"props\":{\"params\":\"$@29\",\"searchParams\":\"$@2a\"}}\n2b:{\"name\":\"HTTPAccessErrorFallback\",\"key\":null,\"env\":\"Server\",\"owner\":\"$28\",\"stack\":[],\"props\":{\"status\":404,\"message\":\"This page could not be found.\"}}\n2c:[]\n2d:[]\n2e:[]\n2f:[]\n30:[]\n31:[]\n32:[]\n33:[[\"Function.all\",\"\",0,0,0,0,true],[\"Function.all\",\"\",0,0,0,0,true]]\n37:\"$EObject.defineProperty(async function getViewportReady() {\\n        await viewport();\\n        return undefined;\\n    },\\\""])self.__next_f.push([1,"name\\\",{value:\\\"getViewportReady\\\"})\"\n36:{\"name\":\"__next_outlet_boundary__\",\"key\":null,\"env\":\"Server\",\"stack\":[[\"Function.all\",\"\",0,0,0,0,true],[\"Function.all\",\"\",0,0,0,0,true]],\"props\":{\"ready\":\"$37\"}}\n39:{\"name\":\"StreamingMetadataOutletImpl\",\"key\":null,\"env\":\"Server\",\"stack\":[[\"Function.all\",\"\",0,0,0,0,true],[\"Function.all\",\"\",0,0,0,0,true]],\"props\":{}}\n3a:[]\n3d:[]\n3f:{\"name\":\"NonIndex\",\"key\":null,\"env\":\"Server\",\"stack\":[],\"props\":{\"pagePath\":\"/_not-found\",\"statusCode\":404,\"isPossibleServerAction\":false}}\n40:[]\n42:{\"name\":\"ViewportTree\",\"key\":null,\"env\":\"Server\",\"stack\":[],\"props\":{}}\n43:[]\n46:{\"name\":\"__next_viewport_boundary__\",\"key\":null,\"env\":\"Server\",\"owner\":\"$42\",\"stack\":[],\"props\":{}}\n47:[]\n49:{\"name\":\"MetadataTree\",\"key\":null,\"env\":\"Server\",\"stack\":[],\"props\":{}}\n4a:[]\n4d:{\"name\":\"__next_metadata_boundary__\",\"key\":null,\"env\":\"Server\",\"owner\":\"$49\",\"stack\":[],\"props\":{}}\n4e:[]\n4f:[]\n52:{\"name\":\"MetadataResolver\",\"key\":null,\"env\":\"Server\",\"owner\":\"$4d\",\"stack\":[],\"props\":{}}\n55:[]\n29:{}\n2a:\n56:[]\n57:[]\n58:[]\n59:[]\n1:D\"$2\"\n1:null\nb:D\"$c\"\n"])self.__next_f.push([1,"b:[\"$\",\"html\",null,{\"lang\":\"en\",\"children\":[\"$\",\"body\",null,{\"className\":\"__variable_1e4310 __variable_c3aa02\",\"children\":[\"$\",\"$L18\",null,{\"children\":[[\"$\",\"$L1a\",null,{\"children\":[\"$\",\"$L1c\",null,{\"parallelRouterKey\":\"children\",\"error\":\"$undefined\",\"errorStyles\":\"$undefined\",\"errorScripts\":\"$undefined\",\"template\":[\"$\",\"$L1e\",null,{},null,\"$1d\",1],\"templateStyles\":\"$undefined\",\"templateScripts\":\"$undefined\",\"notFound\":\"$undefined\",\"forbidden\":\"$undefined\",\"unauthorized\":\"$undefined\",\"segmentViewBoundaries\":[\"$undefined\",\"$undefined\",\"$undefined\",[\"$\",\"$L7\",null,{\"type\":\"boundary:global-error\",\"pagePath\":\"__next_builtin__global-error.js\"},null,\"$1f\",1]]},null,\"$1b\",1]},\"$c\",\"$19\",1],[\"$\",\"$L21\",null,{\"position\":\"top-center\",\"duration\":6000,\"richColors\":true,\"closeButton\":true},\"$c\",\"$20\",1]]},\"$c\",\"$17\",1]},\"$c\",\"$16\",1]},\"$c\",\"$15\",1]\n"])self.__next_f.push([1,"27:D\"$28\"\n27:D\"$2b\"\n"])self.__next_f.push([1,"27:[[\"$\",\"title\",null,{\"children\":\"404: This page could not be found.\"},\"$2b\",\"$2c\",1],[\"$\",\"div\",null,{\"style\":{\"fontFamily\":\"system-ui,\\\"Segoe UI\\\",Roboto,Helvetica,Arial,sans-serif,\\\"Apple Color Emoji\\\",\\\"Segoe UI Emoji\\\"\",\"height\":\"100vh\",\"textAlign\":\"center\",\"display\":\"flex\",\"flexDirection\":\"column\",\"alignItems\":\"center\",\"justifyContent\":\"center\"},\"children\":[\"$\",\"div\",null,{\"children\":[[\"$\",\"style\",null,{\"dangerouslySetInnerHTML\":{\"__html\":\"body{color:#000;background:#fff;margin:0}.next-error-h1{border-right:1px solid rgba(0,0,0,.3)}@media (prefers-color-scheme:dark){body{color:#fff;background:#000}.next-error-h1{border-right:1px solid rgba(255,255,255,.3)}}\"}},\"$2b\",\"$2f\",1],[\"$\",\"h1\",null,{\"className\":\"next-error-h1\",\"style\":{\"display\":\"inline-block\",\"margin\":\"0 20px 0 0\",\"padding\":\"0 23px 0 0\",\"fontSize\":24,\"fontWeight\":500,\"verticalAlign\":\"top\",\"lineHeight\":\"49px\"},\"children\":404},\"$2b\",\"$30\",1],[\"$\",\"div\",null,{\"style\":{\"display\":\"inline-block\"},\"children\":[\"$\",\"h2\",null,{\"style\":{\"fontSize\":14,\"fontWeight\":400,\"lineHeight\":\"49px\",\"margin\":0},\"children\":\"This page could not be found.\"},\"$2b\",\"$32\",1]},\"$2b\",\"$31\",1]]},\"$2b\",\"$2e\",1]},\"$2b\",\"$2d\",1]]\n"])self.__next_f.push([1,"35:D\"$36\"\n38:D\"$39\"\n38:[\"$\",\"$L3b\",null,{\"promise\":\"$@3c\"},\"$39\",\"$3a\",1]\n3e:D\"$3f\"\n3e:[\"$\",\"meta\",null,{\"name\":\"robots\",\"content\":\"noindex\"},null,\"$40\",1]\n41:D\"$42\"\n45:D\"$46\"\n41:[[\"$\",\"$L44\",null,{\"children\":\"$L45\"},\"$42\",\"$43\",1],[\"$\",\"meta\",null,{\"name\":\"next-size-adjust\",\"content\":\"\"},\"$42\",\"$47\",1]]\n48:D\"$49\"\n4c:D\"$4d\"\n51:D\"$52\"\n4c:[\"$\",\"div\",null,{\"hidden\":true,\"children\":[\"$\",\"$50\",null,{\"fallback\":null,\"children\":\"$L51\"},\"$4d\",\"$4f\",1]},\"$4d\",\"$4e\",1]\n48:[\"$\",\"$L4b\",null,{\"children\":\"$4c\"},\"$49\",\"$4a\",1]\n53:[]\n"])self.__next_f.push([1,"0:{\"P\":\"$1\",\"b\":\"development\",\"p\":\"\",\"c\":[\"\",\"app\"],\"i\":false,\"f\":[[[\"\",{\"children\":[\"/_not-found\",{\"children\":[\"__PAGE__\",{}]}]},\"$undefined\",\"$undefined\",true],[\"\",[\"$\",\"$L7\",\"layout\",{\"type\":\"layout\",\"pagePath\":\"layout.tsx\",\"children\":[\"$\",\"$9\",\"c\",{\"children\":[[[\"$\",\"link\",\"0\",{\"rel\":\"stylesheet\",\"href\":\"/_next/static/css/app/layout.css?v=1765381043978\",\"precedence\":\"next_static/css/app/layout.css\",\"crossOrigin\":\"$undefined\",\"nonce\":\"$undefined\"},null,\"$a\",0]],\"$b\"]},null,\"$8\",1]},null,\"$6\",0],{\"children\":[\"/_not-found\",[\"$\",\"$9\",\"c\",{\"children\":[null,[\"$\",\"$L1c\",null,{\"parallelRouterKey\":\"children\",\"error\":\"$undefined\",\"errorStyles\":\"$undefined\",\"errorScripts\":\"$undefined\",\"template\":[\"$\",\"$L1e\",null,{},null,\"$24\",1],\"templateStyles\":\"$undefined\",\"templateScripts\":\"$undefined\",\"notFound\":\"$undefined\",\"forbidden\":\"$undefined\",\"unauthorized\":\"$undefined\",\"segmentViewBoundaries\":[\"$undefined\",\"$undefined\",\"$undefined\",\"$undefined\"]},null,\"$23\",1]]},null,\"$22\",0],{\"children\":[\"__PAGE__\",[\"$\",\"$9\",\"c\",{\"children\":[[\"$\",\"$L7\",\"c-page\",{\"type\":\"page\",\"pagePath\":\"__next_builtin__not-found.js\",\"children\":\"$27\"},null,\"$26\",1],null,[\"$\",\"$L34\",null,{\"children\":[\"$L35\",\"$38\"]},null,\"$33\",1]]},null,\"$25\",0],{},null,false]},null,false]},null,false],[\"$\",\"$9\",\"h\",{\"children\":[\"$3e\",\"$41\",\"$48\"]},null,\"$3d\",0],false]],\"m\":\"$W53\",\"G\":[\"$54\",[\"$\",\"$L7\",\"ge-svn\",{\"type\":\"global-error\",\"pagePath\":\"__next_builtin__global-error.js\",\"children\":[]},null,\"$55\",0]],\"s\":false,\"S\":false}\n"])self.__next_f.push([1,"45:[[\"$\",\"meta\",\"0\",{\"charSet\":\"utf-8\"},\"$36\",\"$56\",0],[\"$\",\"meta\",\"1\",{\"name\":\"viewport\",\"content\":\"width=device-width, initial-scale=1\"},\"$36\",\"$57\",0]]\n35:null\n3c:{\"metadata\":[[\"$\",\"title\",\"0\",{\"children\":\"Create Next App\"},\"$39\",\"$58\",0],[\"$\",\"meta\",\"1\",{\"name\":\"description\",\"content\":\"Generated by create next app\"},\"$39\",\"$59\",0]],\"error\":null,\"digest\":\"$undefined\"}\n51:\"$3c:metadata\"\n"])
  ✘  1 [chromium] › tests/e2e/e2-media.spec.ts:22:7 › Epic 2: Media Capture › TS-2.1: Camera Flow (Mocked) (12.1s)


  1) [chromium] › tests/e2e/e2-media.spec.ts:22:7 › Epic 2: Media Capture › TS-2.1: Camera Flow (Mocked) 

    Error: [2mexpect([22m[31mlocator[39m[2m).[22mtoBeVisible[2m([22m[2m)[22m failed

    Locator: locator('video')
    Expected: visible
    Timeout: 10000ms
    Error: element(s) not found

    Call log:
    [2m  - Expect "toBeVisible" with timeout 10000ms[22m
    [2m  - waiting for locator('video')[22m


      27 |
      28 |     try {
    > 29 |         await expect(video).toBeVisible({ timeout: 10000 });
         |                             ^
      30 |         await expect(video).toHaveCount(1);
      31 |     } catch (e) {
      32 |         console.log("Video not found. Checking for error message...");
        at /home/fabian/dev/work/snapandsay/tests/e2e/e2-media.spec.ts:29:29

    attachment #1: screenshot (image/png) ──────────────────────────────────────────────────────────
    test-results/e2-media-Epic-2-Media-Capture-TS-2-1-Camera-Flow-Mocked--chromium/test-failed-1.png
    ────────────────────────────────────────────────────────────────────────────────────────────────

    attachment #2: video (video/webm) ──────────────────────────────────────────────────────────────
    test-results/e2-media-Epic-2-Media-Capture-TS-2-1-Camera-Flow-Mocked--chromium/video.webm
    ────────────────────────────────────────────────────────────────────────────────────────────────

    Error Context: test-results/e2-media-Epic-2-Media-Capture-TS-2-1-Camera-Flow-Mocked--chromium/error-context.md

    attachment #4: trace (application/zip) ─────────────────────────────────────────────────────────
    test-results/e2-media-Epic-2-Media-Capture-TS-2-1-Camera-Flow-Mocked--chromium/trace.zip
    Usage:

        npx playwright show-trace test-results/e2-media-Epic-2-Media-Capture-TS-2-1-Camera-Flow-Mocked--chromium/trace.zip

    ────────────────────────────────────────────────────────────────────────────────────────────────

  1 failed
    [chromium] › tests/e2e/e2-media.spec.ts:22:7 › Epic 2: Media Capture › TS-2.1: Camera Flow (Mocked) 
  2 skipped
